# Petsoul 官网开发日志

日志用途：记录 `petsoul_html_v1.0.0` 官网项目的开发进展、设计决策、技术约束、问题与下一步计划，防止开发中断后丢失上下文。

推荐记录格式：

日期：
阶段：
变更内容：
决策原因：
影响范围：
未完成事项：
下一步：

---

日期：2026-07-06
阶段：项目初始化
变更内容：
- 新建 `网页设计总纲.md`，记录官网整体设计要求、开发约束和云端部署准备方向。
- 新建 `development.log`，作为后续开发进展与决策记录入口。
- 新建 `reference/` 参考资料目录，用于集中存放约束官网设计与开发的资料。

决策原因：
- 官网开发需要统一的设计与技术约束入口。
- 项目未来可能持续迭代，需要日志记录避免上下文丢失。
- 参考资料需要集中管理，便于后续页面设计、文案和技术实现保持一致。

影响范围：
- 本次变更仅限 `petsoul_html_v1.0.0` 目录。

未完成事项：
- Rust 官网技术栈尚未最终选型。
- 官网页面结构、视觉风格、品牌素材和部署方案仍需继续细化。

下一步：
- 收集并整理 `reference/` 中的品牌、产品、竞品、视觉和部署参考资料。
- 根据参考资料确定官网信息架构、视觉方向和 Rust 技术栈。

---

日期：2026-07-06
阶段：参考资料收录
变更内容：
- 将 `Leonxlnx/taste-skill` 仓库整理为 `reference/AI官网设计参考资料-Leonxlnx-taste-skill.md`。
- 更新 `reference/README.md`，记录已收录的 AI 官网设计参考资料。

决策原因：
- 该仓库可作为 AI 辅助设计官网时的审美规则和页面质量约束。
- Petsoul 官网需要避免模板化、同质化的 AI 生成页面，提前建立设计参考标准。

影响范围：
- 本次变更仅限 `petsoul_html_v1.0.0/reference/` 和 `development.log`。

未完成事项：
- 尚未从该仓库进一步提炼 Petsoul 专属的视觉规则、页面检查清单和设计提示词。

下一步：
- 结合 Petsoul 产品资料与品牌素材，整理适合官网首页和产品页的设计参考。

---

日期：2026-07-06
阶段：参考资料收录
变更内容：
- 调研 `pbakaus/impeccable` 仓库，并判断其可作为 Petsoul 官网设计质量参考。
- 新增 `reference/AI官网设计参考资料-pbakaus-impeccable.md`。
- 更新 `reference/README.md`，记录已收录的 Impeccable 参考资料。

决策原因：
- 该仓库提供 AI 辅助前端设计的上下文管理、审美反模式、页面审核和最终抛光工作流。
- 这些内容可帮助 Petsoul 官网避免模板化 AI 页面，并在后续开发中形成更稳定的设计检查标准。

影响范围：
- 本次变更仅限 `petsoul_html_v1.0.0/reference/` 和 `development.log`。

未完成事项：
- 尚未将 Impeccable 的设计检查思路提炼为 Petsoul 官网专属检查清单。
- 尚未确定 Rust 官网技术栈和页面实现方式。

下一步：
- 结合 `taste-skill` 与 `impeccable` 两份参考资料，整理 Petsoul 官网的首页设计原则和页面验收清单。

---

日期：2026-07-06
阶段：参考资料收录
变更内容：
- 调研 `DavidHDev/react-bits` 仓库，并判断其可作为 Petsoul 官网动效与交互组件参考。
- 新增 `reference/AI官网动效组件参考资料-DavidHDev-react-bits.md`。
- 更新 `reference/README.md`，记录已收录的 React Bits 参考资料。

决策原因：
- 该项目提供大量文字动画、UI 动效、背景效果和创意工具，可为 Petsoul 官网首页、产品展示和功能说明提供视觉灵感。
- 其 React 技术栈不适合作为本项目核心实现方案，但设计表现形式可作为参考。

影响范围：
- 本次变更仅限 `petsoul_html_v1.0.0/reference/` 和 `development.log`。

未完成事项：
- 尚未筛选适合 Petsoul 官网的具体动效类型。
- 尚未确定这些动效未来在 Rust 官网技术栈中的实现方式。

下一步：
- 从现有三份 AI/前端设计参考资料中提炼 Petsoul 官网首页设计原则、动效边界和页面验收清单。

---

日期：2026-07-06
阶段：设计总纲优化
变更内容：
- 优化 `网页设计总纲.md` 中的 `0. 官网核心思想`。
- 将创始人愿景整理为更适合开发执行的结构化规则，包括核心叙事、商业优先级、数字孪生定位、产品展示要求、功能展示要求、视觉风格、情感表达边界和隐私信任要求。

决策原因：
- 官网核心思想需要让后续编程软件和 AI 开发工具能够直接理解页面优先级、内容主线和实现约束。
- Petsoul 官网需要同时服务品牌世界观和硬件产品转化，避免数字孪生概念盖过实际产品销售。

影响范围：
- 本次变更仅限 `网页设计总纲.md` 和 `development.log`。

未完成事项：
- 尚未根据该核心思想拆解首页模块、产品页模块和动效实现方案。

下一步：
- 基于“产品线、数据线、情感线”三条主线整理首页信息架构。
